[0m14:55:31.379815 [debug] [MainThread]: Sending event: {'category': 'dbt', 'action': 'invocation', 'label': 'start', 'context': [<snowplow_tracker.self_describing_json.SelfDescribingJson object at 0x106e05c30>, <snowplow_tracker.self_describing_json.SelfDescribingJson object at 0x108222b30>, <snowplow_tracker.self_describing_json.SelfDescribingJson object at 0x108222aa0>]}


============================== 14:55:31.394090 | 160de302-6fe9-428f-95e0-691d628e002e ==============================
[0m14:55:31.394090 [info ] [MainThread]: Running with dbt=1.12.5
[0m14:55:31.395617 [debug] [MainThread]: running dbt with arguments {'empty': 'None', 'warn_error_options': 'WarnErrorOptionsV2(error=[], warn=[], silence=[])', 'printer_width': '80', 'no_print': 'None', 'cache_selected_only': 'False', 'send_anonymous_usage_stats': 'True', 'debug': 'False', 'introspect': 'True', 'log_format': 'default', 'warn_error': 'None', 'fail_fast': 'False', 'use_experimental_parser': 'False', 'static_parser': 'True', 'maximum_seed_size_mib': '1', 'indirect_selection': 'eager', 'target_path': 'None', 'invocation_command': 'dbt init projecta', 'partial_parse': 'True', 'profiles_dir': '/Users/ernestomanuel/.dbt', 'use_colors': 'True', 'log_path': 'logs', 'hints_enabled': 'True', 'write_json': 'True', 'quiet': 'False', 'version_check': 'True', 'log_cache_events': 'False'}
[0m14:55:31.436641 [info ] [MainThread]: Creating dbt configuration folder at /Users/ernestomanuel/.dbt
[0m14:55:31.439487 [debug] [MainThread]: Starter project path: /Users/ernestomanuel/Documents/PythonProjects/projectA/venv/lib/python3.10/site-packages/dbt/include/starter_project
[0m14:55:31.454761 [info ] [MainThread]: Setting up your profile.
[0m15:00:26.871059 [info ] [MainThread]: Profile projecta written to /Users/ernestomanuel/.dbt/profiles.yml using target's profile_template.yml and your supplied values.
[0m15:00:26.880071 [info ] [MainThread]: Running dbt debug to validate the project...
[0m15:00:26.881443 [info ] [MainThread]: dbt version: 1.12.5
[0m15:00:26.882176 [info ] [MainThread]: python version: 3.10.11
[0m15:00:26.882860 [info ] [MainThread]: python path: /Users/ernestomanuel/Documents/PythonProjects/projectA/venv/bin/python3
[0m15:00:26.883621 [info ] [MainThread]: os info: macOS-13.7.8-x86_64-i386-64bit
[0m15:00:26.943677 [info ] [MainThread]: Using profiles dir at /Users/ernestomanuel/.dbt
[0m15:00:26.944432 [info ] [MainThread]: Using profiles.yml file at /Users/ernestomanuel/.dbt/profiles.yml
[0m15:00:26.945008 [info ] [MainThread]: Using dbt_project.yml file at /Users/ernestomanuel/Documents/PythonProjects/projectA/projecta/dbt_project.yml
[0m15:00:26.948128 [info ] [MainThread]: adapter type: postgres
[0m15:00:26.949138 [info ] [MainThread]: adapter version: 1.11.0
[0m15:00:27.153993 [info ] [MainThread]: Configuration:
[0m15:00:27.154902 [info ] [MainThread]:   profiles.yml file [[32mOK found and valid[0m]
[0m15:00:27.155649 [info ] [MainThread]:   dbt_project.yml file [[32mOK found and valid[0m]
[0m15:00:27.156245 [info ] [MainThread]: Required dependencies:
[0m15:00:27.156912 [debug] [MainThread]: Executing "git --help"
[0m15:00:27.198684 [debug] [MainThread]: STDOUT: "b"usage: git [-v | --version] [-h | --help] [-C <path>] [-c <name>=<value>]\n           [--exec-path[=<path>]] [--html-path] [--man-path] [--info-path]\n           [-p | --paginate | -P | --no-pager] [--no-replace-objects] [--no-lazy-fetch]\n           [--no-optional-locks] [--no-advice] [--bare] [--git-dir=<path>]\n           [--work-tree=<path>] [--namespace=<name>] [--config-env=<name>=<envvar>]\n           <command> [<args>]\n\nThese are common Git commands used in various situations:\n\nstart a working area (see also: git help tutorial)\n   clone      Clone a repository into a new directory\n   init       Create an empty Git repository or reinitialize an existing one\n\nwork on the current change (see also: git help everyday)\n   add        Add file contents to the index\n   mv         Move or rename a file, a directory, or a symlink\n   restore    Restore working tree files\n   rm         Remove files from the working tree and from the index\n\nexamine the history and state (see also: git help revisions)\n   bisect     Use binary search to find the commit that introduced a bug\n   diff       Show changes between commits, commit and working tree, etc\n   grep       Print lines matching a pattern\n   log        Show commit logs\n   show       Show various types of objects\n   status     Show the working tree status\n\ngrow, mark and tweak your common history\n   backfill   Download missing objects in a partial clone\n   branch     List, create, or delete branches\n   commit     Record changes to the repository\n   history    EXPERIMENTAL: Rewrite history\n   merge      Join two or more development histories together\n   rebase     Reapply commits on top of another base tip\n   reset      Set `HEAD` or the index to a known state\n   switch     Switch branches\n   tag        Create, list, delete or verify tags\n\ncollaborate (see also: git help workflows)\n   fetch      Download objects and refs from another repository\n   pull       Fetch from and integrate with another repository or a local branch\n   push       Update remote refs along with associated objects\n\n'git help -a' and 'git help -g' list available subcommands and some\nconcept guides. See 'git help <command>' or 'git help <concept>'\nto read about a specific subcommand or concept.\nSee 'git help git' for an overview of the system.\n""
[0m15:00:27.200184 [debug] [MainThread]: STDERR: "b''"
[0m15:00:27.200806 [info ] [MainThread]:  - git [[32mOK found[0m]

[0m15:00:27.201548 [info ] [MainThread]: Connection:
[0m15:00:27.202309 [info ] [MainThread]:   host: aws-0-us-east-1.pooler.supabase.com
[0m15:00:27.202933 [info ] [MainThread]:   port: 5432
[0m15:00:27.203465 [info ] [MainThread]:   user: postgres.jvxdpkwrqwweftvohzmg
[0m15:00:27.203987 [info ] [MainThread]:   database: postgres
[0m15:00:27.204511 [info ] [MainThread]:   schema: public
[0m15:00:27.205038 [info ] [MainThread]:   connect_timeout: 10
[0m15:00:27.205562 [info ] [MainThread]:   role: None
[0m15:00:27.206080 [info ] [MainThread]:   search_path: None
[0m15:00:27.206676 [info ] [MainThread]:   keepalives_idle: 0
[0m15:00:27.207306 [info ] [MainThread]:   sslmode: None
[0m15:00:27.207918 [info ] [MainThread]:   sslcert: None
[0m15:00:27.208496 [info ] [MainThread]:   sslkey: None
[0m15:00:27.209209 [info ] [MainThread]:   sslrootcert: None
[0m15:00:27.209952 [info ] [MainThread]:   application_name: dbt
[0m15:00:27.210636 [info ] [MainThread]:   autocommit: False
[0m15:00:27.211251 [info ] [MainThread]:   retries: 1
[0m15:00:27.212493 [info ] [MainThread]: Registered adapter: postgres=1.11.0
[0m15:00:27.595381 [debug] [MainThread]: Acquiring new postgres connection 'debug'
[0m15:00:27.727136 [debug] [MainThread]: Using postgres connection "debug"
[0m15:00:27.727798 [debug] [MainThread]: On debug: select 1 as id
[0m15:00:27.728364 [debug] [MainThread]: Opening a new connection, currently in state init
[0m15:00:29.294119 [debug] [MainThread]: SQL status: SELECT 1 in 1.566 seconds
[0m15:00:29.296231 [debug] [MainThread]: On debug: Close
[0m15:00:29.297226 [info ] [MainThread]:   Connection test: [[32mOK connection ok[0m]

[0m15:00:29.298587 [info ] [MainThread]: [32mAll checks passed![0m
[0m15:00:29.299553 [info ] [MainThread]: Your new dbt project "projecta" was created!
Initialized new project in /Users/ernestomanuel/Documents/PythonProjects/projectA/projecta/projecta

For more information on how to configure the profiles.yml file,
please consult the dbt documentation here:

  https://docs.getdbt.com/docs/configure-your-profile

One more thing:

Need help? Don't hesitate to reach out to us via GitHub issues or on Slack:

  https://community.getdbt.com/

Happy modeling!

[0m15:00:29.329517 [debug] [MainThread]: Resource report: {"command_name": "init", "command_success": true, "command_wall_clock_time": 298.12415, "process_in_blocks": "0", "process_kernel_time": 1.023101, "process_mem_max_rss": "115113984", "process_out_blocks": "0", "process_user_time": 3.461509}
[0m15:00:29.330620 [debug] [MainThread]: Command `dbt init` succeeded at 15:00:29.330422 after 298.13 seconds
[0m15:00:29.331266 [debug] [MainThread]: Connection 'debug' was properly closed.
[0m15:00:29.331892 [debug] [MainThread]: Sending event: {'category': 'dbt', 'action': 'invocation', 'label': 'end', 'context': [<snowplow_tracker.self_describing_json.SelfDescribingJson object at 0x106e05c30>, <snowplow_tracker.self_describing_json.SelfDescribingJson object at 0x106ef9ba0>, <snowplow_tracker.self_describing_json.SelfDescribingJson object at 0x108223220>]}
[0m15:00:29.332782 [debug] [MainThread]: Flushing usage events
[0m15:00:29.750734 [debug] [MainThread]: An error was encountered while trying to flush usage events
